// Jest Snapshot v1, https://goo.gl/fbAQLP

exports[`ModalBegin - unit test should render default 1`] = `
<View
  style={
    Object {
      "alignItems": "center",
      "backgroundColor": "rgba(0, 0, 0, 0.5)",
      "flex": 1,
      "justifyContent": "center",
    }
  }
>
  <Modal
    animationType="fade"
    hardwareAccelerated={false}
    transparent={true}
    visible={true}
  >
    <View
      style={
        Object {
          "alignItems": "center",
          "backgroundColor": "rgba(0, 0, 0, 0.5)",
          "flex": 1,
          "justifyContent": "center",
        }
      }
    >
      <View
        style={
          Object {
            "alignItems": "center",
            "backgroundColor": "white",
            "borderRadius": 12,
            "elevation": 5,
            "padding": 20,
            "shadowColor": "#000",
            "shadowOffset": Object {
              "height": 2,
              "width": 0,
            },
            "shadowOpacity": 0.25,
            "shadowRadius": 2.84,
            "width": "80%",
          }
        }
      >
        <View
          style={
            Object {
              "flexDirection": "row",
              "justifyContent": "space-around",
              "width": "105%",
            }
          }
        >
          <View
            accessible={true}
            focusable={true}
            onClick={[Function]}
            onResponderGrant={[Function]}
            onResponderMove={[Function]}
            onResponderRelease={[Function]}
            onResponderTerminate={[Function]}
            onResponderTerminationRequest={[Function]}
            onStartShouldSetResponder={[Function]}
            style={
              Object {
                "left": 0,
                "opacity": 1,
                "position": "absolute",
              }
            }
          >
            <Text
              allowFontScaling={false}
              style={
                Array [
                  Object {
                    "color": "#CCC",
                    "fontSize": 33,
                  },
                  undefined,
                  Object {
                    "fontFamily": "material-community",
                    "fontStyle": "normal",
                    "fontWeight": "normal",
                  },
                  Object {},
                ]
              }
            >
              ÔÅç
            </Text>
          </View>
          <Text
            style={
              Object {
                "color": "#002f56",
                "fontFamily": "tit-regular",
                "fontSize": 20,
                "textAlign": "center",
                "width": "80%",
              }
            }
          >
            Ready to begin?
          </Text>
        </View>
        <View
          style={
            Object {
              "width": "100%",
            }
          }
        >
          <View
            style={
              Object {
                "alignItems": "center",
                "paddingTop": 10,
              }
            }
          >
            <View
              style={
                Object {
                  "paddingTop": 10,
                }
              }
            >
              <Text
                style={
                  Object {
                    "color": "#3e4b57",
                    "fontFamily": "tit-light",
                    "fontSize": 17,
                    "opacity": 1,
                    "textAlign": "center",
                  }
                }
              >
                Inhale and exhale as slowly and as deeply as you can.
              </Text>
            </View>
            <View
              style={
                Object {
                  "paddingTop": 10,
                }
              }
            >
              <Text
                style={
                  Object {
                    "color": "#3e4b57",
                    "fontFamily": "tit-light",
                    "fontSize": 17,
                    "opacity": 1,
                    "textAlign": "center",
                  }
                }
              >
                Repeat through all breath cycles.
              </Text>
            </View>
            <View
              style={
                Object {
                  "paddingTop": 10,
                }
              }
            >
              <Text
                style={
                  Object {
                    "color": "#3e4b57",
                    "fontFamily": "tit-light",
                    "fontSize": 17,
                    "opacity": 1,
                    "textAlign": "center",
                  }
                }
              >
                Rest for the prescribed time.
              </Text>
            </View>
            <View
              style={
                Object {
                  "paddingTop": 10,
                }
              }
            >
              <Text
                style={
                  Object {
                    "color": "#3e4b57",
                    "fontFamily": "tit-light",
                    "fontSize": 17,
                    "opacity": 1,
                    "textAlign": "center",
                  }
                }
              >
                Repeat for each round.
              </Text>
            </View>
            <View
              style={
                Object {
                  "paddingTop": 10,
                }
              }
            >
              <Text
                style={
                  Object {
                    "color": "#3e4b57",
                    "fontFamily": "tit-regular",
                    "fontSize": 17,
                    "opacity": 1,
                    "textAlign": "center",
                  }
                }
              >
                Current difficulty level: 5
              </Text>
            </View>
          </View>
        </View>
        <View
          style={
            Object {
              "flexDirection": "row",
              "justifyContent": "space-around",
              "marginTop": 20,
              "width": "100%",
            }
          }
        >
          <View
            style={
              Object {
                "width": "40%",
              }
            }
          >
            <View
              accessible={true}
              focusable={true}
              onClick={[Function]}
              onResponderGrant={[Function]}
              onResponderMove={[Function]}
              onResponderRelease={[Function]}
              onResponderTerminate={[Function]}
              onResponderTerminationRequest={[Function]}
              onStartShouldSetResponder={[Function]}
              style={
                Object {
                  "opacity": 1,
                }
              }
            >
              <View
                style={
                  Object {
                    "backgroundColor": "white",
                    "borderColor": "#CCC",
                    "borderRadius": 8,
                    "borderWidth": 1,
                    "height": 60,
                    "justifyContent": "center",
                    "paddingHorizontal": 14,
                    "paddingVertical": 8,
                    "shadowColor": "#000",
                    "shadowOffset": Object {
                      "height": 2,
                      "width": 0,
                    },
                    "shadowOpacity": 0.25,
                    "shadowRadius": 2.84,
                  }
                }
              >
                <Text
                  style={
                    Object {
                      "color": "#3e4b57",
                      "fontFamily": "tit-regular",
                      "fontSize": 14,
                      "opacity": 1,
                      "textAlign": "center",
                      "textTransform": "uppercase",
                    }
                  }
                >
                  Update level
                </Text>
              </View>
            </View>
          </View>
          <View
            style={
              Object {
                "width": "40%",
              }
            }
          >
            <View
              accessible={true}
              focusable={true}
              onClick={[Function]}
              onResponderGrant={[Function]}
              onResponderMove={[Function]}
              onResponderRelease={[Function]}
              onResponderTerminate={[Function]}
              onResponderTerminationRequest={[Function]}
              onStartShouldSetResponder={[Function]}
              style={
                Object {
                  "opacity": 1,
                }
              }
            >
              <View
                style={
                  Object {
                    "backgroundColor": "white",
                    "borderColor": "#CCC",
                    "borderRadius": 8,
                    "borderWidth": 1,
                    "height": 60,
                    "justifyContent": "center",
                    "paddingHorizontal": 14,
                    "paddingVertical": 8,
                    "shadowColor": "#000",
                    "shadowOffset": Object {
                      "height": 2,
                      "width": 0,
                    },
                    "shadowOpacity": 0.25,
                    "shadowRadius": 2.84,
                  }
                }
              >
                <Text
                  style={
                    Object {
                      "color": "#3e4b57",
                      "fontFamily": "tit-regular",
                      "fontSize": 14,
                      "opacity": 1,
                      "textAlign": "center",
                      "textTransform": "uppercase",
                    }
                  }
                >
                  Begin
                </Text>
              </View>
            </View>
          </View>
        </View>
      </View>
    </View>
  </Modal>
</View>
`;
