// Jest Snapshot v1, https://goo.gl/fbAQLP

exports[`SettingsScreen - unit test settingsScreenOptions headerTitle 1`] = `
<Text
  style={
    Object {
      "color": "white",
      "fontSize": 20,
    }
  }
>
  Settings
</Text>
`;

exports[`SettingsScreen - unit test settingsScreenOptions options 1`] = `
Object {
  "headerTitle": [Function],
}
`;

exports[`SettingsScreen - unit test should render 1`] = `
<View
  style={
    Object {
      "alignItems": "center",
      "backgroundColor": "white",
      "flex": 1,
      "paddingTop": 10,
    }
  }
>
  <View
    style={
      Object {
        "alignItems": "center",
        "flex": 1,
        "width": "100%",
      }
    }
  >
    <View
      style={
        Object {
          "width": "85%",
        }
      }
    >
      <View
        style={
          Object {
            "backgroundColor": "#5bacf3",
            "borderRadius": 4,
            "flexDirection": "row",
            "justifyContent": "space-between",
            "paddingBottom": 2,
            "width": "100%",
          }
        }
      >
        <Text
          style={
            Object {
              "color": "white",
              "fontFamily": "tit-regular",
              "fontSize": 16,
              "opacity": 1,
              "paddingLeft": 10,
              "textAlignVertical": "center",
            }
          }
        >
          Day/night mode
        </Text>
      </View>
      <View
        style={
          Object {
            "alignItems": "center",
            "justifyContent": "center",
            "paddingVertical": 20,
          }
        }
      >
        <View
          style={
            Object {
              "flexDirection": "row",
              "justifyContent": "space-between",
              "paddingHorizontal": 10,
              "width": "100%",
            }
          }
        >
          <Text
            style={
              Object {
                "color": "#3e4b57",
                "fontFamily": "tit-regular",
                "fontSize": 17,
                "opacity": 1,
              }
            }
          >
            Use dark mode
          </Text>
          <View>
            <View
              style={
                Object {
                  "paddingTop": 1,
                }
              }
            >
              <RCTSwitch
                accessibilityRole="button"
                onChange={[Function]}
                onResponderTerminationRequest={[Function]}
                onStartShouldSetResponder={[Function]}
                onTintColor="#002f56"
                style={
                  Object {
                    "height": 31,
                    "width": 51,
                  }
                }
                testID="customSwitch_valueChange"
                thumbTintColor=""
                tintColor="#CCC"
                value={false}
              />
            </View>
          </View>
        </View>
      </View>
    </View>
    <View
      style={
        Object {
          "width": "100%",
        }
      }
    >
      <View
        accessible={true}
        focusable={true}
        isTVSelectable={true}
        onClick={[Function]}
        onResponderGrant={[Function]}
        onResponderMove={[Function]}
        onResponderRelease={[Function]}
        onResponderTerminate={[Function]}
        onResponderTerminationRequest={[Function]}
        onStartShouldSetResponder={[Function]}
        style={
          Object {
            "backgroundColor": "white",
            "elevation": 5,
            "height": 50,
            "justifyContent": "center",
            "marginVertical": 2,
            "opacity": 1,
            "paddingHorizontal": "10%",
            "shadowColor": "#000",
            "shadowOffset": Object {
              "height": 2,
              "width": 0,
            },
            "shadowOpacity": 0.25,
            "shadowRadius": 2.84,
          }
        }
      >
        <View
          style={
            Object {
              "flexDirection": "row",
              "justifyContent": "space-between",
              "width": "100%",
            }
          }
        >
          <View
            style={
              Object {
                "flexDirection": "row",
                "justifyContent": "center",
              }
            }
          >
            <View
              style={
                Object {
                  "justifyContent": "center",
                  "paddingRight": 20,
                  "paddingTop": 1,
                }
              }
            >
              <Text
                allowFontScaling={false}
                style={
                  Array [
                    Object {
                      "color": "#CCC",
                      "fontSize": 21,
                    },
                    undefined,
                    Object {
                      "fontFamily": "material-community",
                      "fontStyle": "normal",
                      "fontWeight": "normal",
                    },
                    Object {},
                  ]
                }
              >
                
              </Text>
            </View>
            <Text
              style={
                Object {
                  "color": "#3e4b57",
                  "fontFamily": "tit-regular",
                  "fontSize": 18,
                  "justifyContent": "center",
                  "opacity": 1,
                }
              }
            >
              Disclaimer
            </Text>
          </View>
          <View
            style={
              Object {
                "flexDirection": "row",
                "justifyContent": "center",
                "paddingTop": 1,
              }
            }
          >
            <Text
              allowFontScaling={false}
              style={
                Array [
                  Object {
                    "color": "#CCC",
                    "fontSize": 23,
                  },
                  undefined,
                  Object {
                    "fontFamily": "material-community",
                    "fontStyle": "normal",
                    "fontWeight": "normal",
                  },
                  Object {},
                ]
              }
            >
              
            </Text>
          </View>
        </View>
      </View>
    </View>
  </View>
  <View
    style={
      Object {
        "alignItems": "center",
        "flexDirection": "row",
        "justifyContent": "center",
        "paddingBottom": 5,
      }
    }
  >
    <Text
      style={
        Object {
          "alignSelf": "flex-end",
          "color": "#3e4b57",
          "fontFamily": "tit-light",
          "fontSize": 17,
          "opacity": 0.7,
        }
      }
    >
      version:
    </Text>
    <Text
      style={
        Object {
          "alignSelf": "flex-end",
          "color": "#3e4b57",
          "fontFamily": "tit-light",
          "fontSize": 14,
          "opacity": 0.7,
        }
      }
    >
       1.0.0.1
    </Text>
  </View>
</View>
`;
